Error type 9 at Line 12: function compare recieves wrong number of args 
Error type 8 at Line 12: incompatiable return type
