Error type 10 at Line 16: apply indexing operator to non-array variable
Error type 8 at Line 16: incompatiable return type
