Error type 5 at Line 4: unmatching type int and ARRAY
