Error type A at Line 3 : Unknown lexeme 0xffg
Error type B at line 4 : Missing semicolon ';'