Error type B at line 2 : Missing COMMA
Error type B at line 7 : Cannot define here
